// Vitest Snapshot v1, https://vitest.dev/guide/snapshot.html

exports[`Basic integration tests > should process a simple table 1`] = `
{
  "test/SomeTable.ts": [
    "// @generated",
    "// This file is automatically generated by Kanel. Do not modify manually.",
    "",
    "/** Represents the table test.some_table */",
    "export default interface SomeTable {",
    "  id: number | null;",
    "}",
    "",
    "/** Represents the initializer for the table test.some_table */",
    "export interface SomeTableInitializer {",
    "  id?: number | null;",
    "}",
    "",
    "/** Represents the mutator for the table test.some_table */",
    "export interface SomeTableMutator {",
    "  id?: number | null;",
    "}",
    "",
  ],
}
`;

exports[`Basic integration tests > should process the fundamentals 1`] = `
{
  "test/SomeDomain.ts": [
    "// @generated",
    "// This file is automatically generated by Kanel. Do not modify manually.",
    "",
    "/** Represents the domain test.some_domain */",
    "type SomeDomain = string;",
    "",
    "export default SomeDomain;",
    "",
  ],
  "test/SomeEnum.ts": [
    "// @generated",
    "// This file is automatically generated by Kanel. Do not modify manually.",
    "",
    "/** Represents the enum test.some_enum */",
    "enum SomeEnum {",
    "  value1 = 'value1',",
    "  value2 = 'value2',",
    "};",
    "",
    "export default SomeEnum;",
    "",
  ],
  "test/SomeMaterializedView.ts": [
    "// @generated",
    "// This file is automatically generated by Kanel. Do not modify manually.",
    "",
    "/** Represents the materializedView test.some_materialized_view */",
    "export default interface SomeMaterializedView {",
    "  id: number | null;",
    "",
    "  some_other_table_id: number | null;",
    "}",
    "",
  ],
  "test/SomeOtherTable.ts": [
    "// @generated",
    "// This file is automatically generated by Kanel. Do not modify manually.",
    "",
    "/** Identifier type for test.some_other_table */",
    "export type SomeOtherTableId = number & { __brand: 'test.some_other_table' };",
    "",
    "/** Represents the table test.some_other_table */",
    "export default interface SomeOtherTable {",
    "  id: SomeOtherTableId;",
    "}",
    "",
    "/** Represents the initializer for the table test.some_other_table */",
    "export interface SomeOtherTableInitializer {",
    "  id: SomeOtherTableId;",
    "}",
    "",
    "/** Represents the mutator for the table test.some_other_table */",
    "export interface SomeOtherTableMutator {",
    "  id?: SomeOtherTableId;",
    "}",
    "",
  ],
  "test/SomeRange.ts": [
    "// @generated",
    "// This file is automatically generated by Kanel. Do not modify manually.",
    "",
    "/** Represents the range test.some_range */",
    "type SomeRange = string;",
    "",
    "export default SomeRange;",
    "",
  ],
  "test/SomeTable.ts": [
    "// @generated",
    "// This file is automatically generated by Kanel. Do not modify manually.",
    "",
    "import type { SomeOtherTableId } from './SomeOtherTable';",
    "",
    "/** Represents the table test.some_table */",
    "export default interface SomeTable {",
    "  id: number | null;",
    "",
    "  some_other_table_id: SomeOtherTableId | null;",
    "}",
    "",
    "/** Represents the initializer for the table test.some_table */",
    "export interface SomeTableInitializer {",
    "  id?: number | null;",
    "",
    "  some_other_table_id?: SomeOtherTableId | null;",
    "}",
    "",
    "/** Represents the mutator for the table test.some_table */",
    "export interface SomeTableMutator {",
    "  id?: number | null;",
    "",
    "  some_other_table_id?: SomeOtherTableId | null;",
    "}",
    "",
  ],
  "test/SomeView.ts": [
    "// @generated",
    "// This file is automatically generated by Kanel. Do not modify manually.",
    "",
    "/** Represents the view test.some_view */",
    "export default interface SomeView {",
    "  id: number;",
    "",
    "  some_other_table_id: number;",
    "}",
    "",
  ],
  "test/some_function.ts": [
    "// @generated",
    "// This file is automatically generated by Kanel. Do not modify manually.",
    "",
    "export interface some_function_params {",
    "}",
    "",
  ],
  "test/some_procedure.ts": [
    "// @generated",
    "// This file is automatically generated by Kanel. Do not modify manually.",
    "",
    "export interface some_procedure_params {",
    "}",
    "",
  ],
}
`;
